<?xml version="1.0"?>
<link_info>
   <banner>MSP430 Linker PC v4.3.3</banner>
   <copyright>Copyright (c) 2003-2014 Texas Instruments Incorporated</copyright>
   <link_time>0x5657392d</link_time>
   <link_errors>0x0</link_errors>
   <output_file>ez430_chronos_433MHz.out</output_file>
   <entry_point>
      <name>_c_int00</name>
      <address>0xa458</address>
   </entry_point>
   <input_file_list>
      <input_file id="fl-1f">
         <path>.\driver\</path>
         <kind>object</kind>
         <file>ps.obj</file>
         <name>ps.obj</name>
      </input_file>
      <input_file id="fl-28">
         <path>..\bluerobin\</path>
         <kind>archive</kind>
         <file>BlueRobin_RX_433MHz.lib</file>
         <name>BRRX_Timer.obj</name>
      </input_file>
      <input_file id="fl-29">
         <path>..\bluerobin\</path>
         <kind>archive</kind>
         <file>BlueRobin_RX_433MHz.lib</file>
         <name>BRRX_Scheduler.obj</name>
      </input_file>
      <input_file id="fl-2a">
         <path>..\bluerobin\</path>
         <kind>archive</kind>
         <file>BlueRobin_RX_433MHz.lib</file>
         <name>BRRX_Resource.obj</name>
      </input_file>
      <input_file id="fl-2b">
         <path>..\bluerobin\</path>
         <kind>archive</kind>
         <file>BlueRobin_RX_433MHz.lib</file>
         <name>BRRX_Packet.obj</name>
      </input_file>
      <input_file id="fl-2c">
         <path>..\bluerobin\</path>
         <kind>archive</kind>
         <file>BlueRobin_RX_433MHz.lib</file>
         <name>BRRX_API.obj</name>
      </input_file>
      <input_file id="fl-2d">
         <path>..\bluerobin\</path>
         <kind>archive</kind>
         <file>BlueRobin_RX_433MHz.lib</file>
         <name>BR_Common.obj</name>
      </input_file>
      <input_file id="fl-2e">
         <path>..\bluerobin\</path>
         <kind>archive</kind>
         <file>BlueRobin_RX_433MHz.lib</file>
         <name>BRRX_Radio.obj</name>
      </input_file>
      <input_file id="fl-2f">
         <path>c:\ti\ccsv6\tools\compiler\msp430_4.3.3\lib\</path>
         <kind>archive</kind>
         <file>rts430x.lib</file>
         <name>asr32.obj</name>
      </input_file>
      <input_file id="fl-30">
         <path>c:\ti\ccsv6\tools\compiler\msp430_4.3.3\lib\</path>
         <kind>archive</kind>
         <file>rts430x.lib</file>
         <name>boot.obj</name>
      </input_file>
      <input_file id="fl-34">
         <path>c:\ti\ccsv6\tools\compiler\msp430_4.3.3\lib\</path>
         <kind>archive</kind>
         <file>rts430x.lib</file>
         <name>cpy_util.obj</name>
      </input_file>
      <input_file id="fl-35">
         <path>c:\ti\ccsv6\tools\compiler\msp430_4.3.3\lib\</path>
         <kind>archive</kind>
         <file>rts430x.lib</file>
         <name>div16s.obj</name>
      </input_file>
      <input_file id="fl-36">
         <path>c:\ti\ccsv6\tools\compiler\msp430_4.3.3\lib\</path>
         <kind>archive</kind>
         <file>rts430x.lib</file>
         <name>div16u.obj</name>
      </input_file>
      <input_file id="fl-37">
         <path>c:\ti\ccsv6\tools\compiler\msp430_4.3.3\lib\</path>
         <kind>archive</kind>
         <file>rts430x.lib</file>
         <name>div32s.obj</name>
      </input_file>
      <input_file id="fl-38">
         <path>c:\ti\ccsv6\tools\compiler\msp430_4.3.3\lib\</path>
         <kind>archive</kind>
         <file>rts430x.lib</file>
         <name>div32u.obj</name>
      </input_file>
      <input_file id="fl-39">
         <path>c:\ti\ccsv6\tools\compiler\msp430_4.3.3\lib\</path>
         <kind>archive</kind>
         <file>rts430x.lib</file>
         <name>exit.obj</name>
      </input_file>
      <input_file id="fl-3a">
         <path>c:\ti\ccsv6\tools\compiler\msp430_4.3.3\lib\</path>
         <kind>archive</kind>
         <file>rts430x.lib</file>
         <name>fs_add.obj</name>
      </input_file>
      <input_file id="fl-3b">
         <path>c:\ti\ccsv6\tools\compiler\msp430_4.3.3\lib\</path>
         <kind>archive</kind>
         <file>rts430x.lib</file>
         <name>fs_cmp.obj</name>
      </input_file>
      <input_file id="fl-3c">
         <path>c:\ti\ccsv6\tools\compiler\msp430_4.3.3\lib\</path>
         <kind>archive</kind>
         <file>rts430x.lib</file>
         <name>fs_div.obj</name>
      </input_file>
      <input_file id="fl-3d">
         <path>c:\ti\ccsv6\tools\compiler\msp430_4.3.3\lib\</path>
         <kind>archive</kind>
         <file>rts430x.lib</file>
         <name>fs_itof.obj</name>
      </input_file>
      <input_file id="fl-3e">
         <path>c:\ti\ccsv6\tools\compiler\msp430_4.3.3\lib\</path>
         <kind>archive</kind>
         <file>rts430x.lib</file>
         <name>fs_mpy.obj</name>
      </input_file>
      <input_file id="fl-3f">
         <path>c:\ti\ccsv6\tools\compiler\msp430_4.3.3\lib\</path>
         <kind>archive</kind>
         <file>rts430x.lib</file>
         <name>fs_tou.obj</name>
      </input_file>
      <input_file id="fl-40">
         <path>c:\ti\ccsv6\tools\compiler\msp430_4.3.3\lib\</path>
         <kind>archive</kind>
         <file>rts430x.lib</file>
         <name>fs_ultof.obj</name>
      </input_file>
      <input_file id="fl-41">
         <path>c:\ti\ccsv6\tools\compiler\msp430_4.3.3\lib\</path>
         <kind>archive</kind>
         <file>rts430x.lib</file>
         <name>fs_utof.obj</name>
      </input_file>
      <input_file id="fl-42">
         <path>c:\ti\ccsv6\tools\compiler\msp430_4.3.3\lib\</path>
         <kind>archive</kind>
         <file>rts430x.lib</file>
         <name>int45.obj</name>
      </input_file>
      <input_file id="fl-43">
         <path>c:\ti\ccsv6\tools\compiler\msp430_4.3.3\lib\</path>
         <kind>archive</kind>
         <file>rts430x.lib</file>
         <name>int46.obj</name>
      </input_file>
      <input_file id="fl-44">
         <path>c:\ti\ccsv6\tools\compiler\msp430_4.3.3\lib\</path>
         <kind>archive</kind>
         <file>rts430x.lib</file>
         <name>int47.obj</name>
      </input_file>
      <input_file id="fl-45">
         <path>c:\ti\ccsv6\tools\compiler\msp430_4.3.3\lib\</path>
         <kind>archive</kind>
         <file>rts430x.lib</file>
         <name>int49.obj</name>
      </input_file>
      <input_file id="fl-46">
         <path>c:\ti\ccsv6\tools\compiler\msp430_4.3.3\lib\</path>
         <kind>archive</kind>
         <file>rts430x.lib</file>
         <name>int50.obj</name>
      </input_file>
      <input_file id="fl-47">
         <path>c:\ti\ccsv6\tools\compiler\msp430_4.3.3\lib\</path>
         <kind>archive</kind>
         <file>rts430x.lib</file>
         <name>int51.obj</name>
      </input_file>
      <input_file id="fl-48">
         <path>c:\ti\ccsv6\tools\compiler\msp430_4.3.3\lib\</path>
         <kind>archive</kind>
         <file>rts430x.lib</file>
         <name>int52.obj</name>
      </input_file>
      <input_file id="fl-49">
         <path>c:\ti\ccsv6\tools\compiler\msp430_4.3.3\lib\</path>
         <kind>archive</kind>
         <file>rts430x.lib</file>
         <name>int53.obj</name>
      </input_file>
      <input_file id="fl-4a">
         <path>c:\ti\ccsv6\tools\compiler\msp430_4.3.3\lib\</path>
         <kind>archive</kind>
         <file>rts430x.lib</file>
         <name>int57.obj</name>
      </input_file>
      <input_file id="fl-4b">
         <path>c:\ti\ccsv6\tools\compiler\msp430_4.3.3\lib\</path>
         <kind>archive</kind>
         <file>rts430x.lib</file>
         <name>int58.obj</name>
      </input_file>
      <input_file id="fl-4c">
         <path>c:\ti\ccsv6\tools\compiler\msp430_4.3.3\lib\</path>
         <kind>archive</kind>
         <file>rts430x.lib</file>
         <name>int59.obj</name>
      </input_file>
      <input_file id="fl-4d">
         <path>c:\ti\ccsv6\tools\compiler\msp430_4.3.3\lib\</path>
         <kind>archive</kind>
         <file>rts430x.lib</file>
         <name>int60.obj</name>
      </input_file>
      <input_file id="fl-4e">
         <path>c:\ti\ccsv6\tools\compiler\msp430_4.3.3\lib\</path>
         <kind>archive</kind>
         <file>rts430x.lib</file>
         <name>int61.obj</name>
      </input_file>
      <input_file id="fl-4f">
         <path>c:\ti\ccsv6\tools\compiler\msp430_4.3.3\lib\</path>
         <kind>archive</kind>
         <file>rts430x.lib</file>
         <name>int62.obj</name>
      </input_file>
      <input_file id="fl-50">
         <path>c:\ti\ccsv6\tools\compiler\msp430_4.3.3\lib\</path>
         <kind>archive</kind>
         <file>rts430x.lib</file>
         <name>isr_trap.obj</name>
      </input_file>
      <input_file id="fl-51">
         <path>c:\ti\ccsv6\tools\compiler\msp430_4.3.3\lib\</path>
         <kind>archive</kind>
         <file>rts430x.lib</file>
         <name>lsl32.obj</name>
      </input_file>
      <input_file id="fl-52">
         <path>c:\ti\ccsv6\tools\compiler\msp430_4.3.3\lib\</path>
         <kind>archive</kind>
         <file>rts430x.lib</file>
         <name>lsr32.obj</name>
      </input_file>
      <input_file id="fl-58">
         <path>c:\ti\ccsv6\tools\compiler\msp430_4.3.3\lib\</path>
         <kind>archive</kind>
         <file>rts430x.lib</file>
         <name>mult16_f5hw.obj</name>
      </input_file>
      <input_file id="fl-59">
         <path>c:\ti\ccsv6\tools\compiler\msp430_4.3.3\lib\</path>
         <kind>archive</kind>
         <file>rts430x.lib</file>
         <name>mult32_f5hw.obj</name>
      </input_file>
      <input_file id="fl-5c">
         <path>c:\ti\ccsv6\tools\compiler\msp430_4.3.3\lib\</path>
         <kind>archive</kind>
         <file>rts430x.lib</file>
         <name>args_main.obj</name>
      </input_file>
      <input_file id="fl-5d">
         <path>c:\ti\ccsv6\tools\compiler\msp430_4.3.3\lib\</path>
         <kind>archive</kind>
         <file>rts430x.lib</file>
         <name>autoinit.obj</name>
      </input_file>
      <input_file id="fl-63">
         <path>C:\Users\IZZATL~1\AppData\Local\Temp\</path>
         <kind>object</kind>
         <file>138202</file>
         <name>138202</name>
      </input_file>
      <input_file id="fl-64">
         <path>c:\ti\ccsv6\tools\compiler\msp430_4.3.3\lib\</path>
         <kind>archive</kind>
         <file>rts430x.lib</file>
         <name>copy_decompress_none.obj</name>
      </input_file>
      <input_file id="fl-65">
         <path>c:\ti\ccsv6\tools\compiler\msp430_4.3.3\lib\</path>
         <kind>archive</kind>
         <file>rts430x.lib</file>
         <name>copy_decompress_rle.obj</name>
      </input_file>
      <input_file id="fl-66">
         <path>c:\ti\ccsv6\tools\compiler\msp430_4.3.3\lib\</path>
         <kind>archive</kind>
         <file>rts430x.lib</file>
         <name>copy_zero_init.obj</name>
      </input_file>
   </input_file_list>
   <object_component_list>
      <object_component id="oc-77">
         <name>.bss</name>
         <uninitialized>true</uninitialized>
         <run_address>0x1cea</run_address>
         <size>0x45</size>
         <input_file_ref idref="fl-1f"/>
      </object_component>
      <object_component id="oc-7d">
         <name>.bss</name>
         <uninitialized>true</uninitialized>
         <run_address>0x1e32</run_address>
         <size>0x8</size>
         <input_file_ref idref="fl-28"/>
      </object_component>
      <object_component id="oc-83">
         <name>.bss</name>
         <uninitialized>true</uninitialized>
         <run_address>0x1de0</run_address>
         <size>0xc</size>
         <input_file_ref idref="fl-29"/>
      </object_component>
      <object_component id="oc-89">
         <name>.bss</name>
         <uninitialized>true</uninitialized>
         <run_address>0x1d8a</run_address>
         <size>0x1c</size>
         <input_file_ref idref="fl-2a"/>
      </object_component>
      <object_component id="oc-8e">
         <name>.bss</name>
         <uninitialized>true</uninitialized>
         <run_address>0x1e60</run_address>
         <size>0x5</size>
         <input_file_ref idref="fl-2b"/>
      </object_component>
      <object_component id="oc-94">
         <name>.bss</name>
         <uninitialized>true</uninitialized>
         <run_address>0x1e66</run_address>
         <size>0x4</size>
         <input_file_ref idref="fl-2c"/>
      </object_component>
      <object_component id="oc-99">
         <name>.bss</name>
         <uninitialized>true</uninitialized>
         <run_address>0x1dec</run_address>
         <size>0xa</size>
         <input_file_ref idref="fl-2d"/>
      </object_component>
      <object_component id="oc-9e">
         <name>.bss</name>
         <uninitialized>true</uninitialized>
         <run_address>0x1e5a</run_address>
         <size>0x6</size>
         <input_file_ref idref="fl-2e"/>
      </object_component>
      <object_component id="oc-a8">
         <name>.bss</name>
         <uninitialized>true</uninitialized>
         <run_address>0x1e4a</run_address>
         <size>0x8</size>
         <input_file_ref idref="fl-30"/>
      </object_component>
      <object_component id="oc-118">
         <name>.bss</name>
         <uninitialized>true</uninitialized>
         <run_address>0x1c8c</run_address>
         <size>0x5e</size>
         <input_file_ref idref="fl-1c"/>
      </object_component>
      <object_component id="oc-119">
         <name>.bss</name>
         <uninitialized>true</uninitialized>
         <run_address>0x1e28</run_address>
         <size>0x9</size>
         <input_file_ref idref="fl-1e"/>
      </object_component>
      <object_component id="oc-11b">
         <name>.bss</name>
         <uninitialized>true</uninitialized>
         <run_address>0x1e6a</run_address>
         <size>0x4</size>
         <input_file_ref idref="fl-13"/>
      </object_component>
      <object_component id="oc-11c">
         <name>.bss</name>
         <uninitialized>true</uninitialized>
         <run_address>0x1dc0</run_address>
         <size>0x12</size>
         <input_file_ref idref="fl-2"/>
      </object_component>
      <object_component id="oc-11d">
         <name>.bss</name>
         <uninitialized>true</uninitialized>
         <run_address>0x1e1e</run_address>
         <size>0x9</size>
         <input_file_ref idref="fl-5"/>
      </object_component>
      <object_component id="oc-11e">
         <name>.bss</name>
         <uninitialized>true</uninitialized>
         <run_address>0x1e0a</run_address>
         <size>0xa</size>
         <input_file_ref idref="fl-6"/>
      </object_component>
      <object_component id="oc-11f">
         <name>.bss</name>
         <uninitialized>true</uninitialized>
         <run_address>0x1e72</run_address>
         <size>0x3</size>
         <input_file_ref idref="fl-7"/>
      </object_component>
      <object_component id="oc-120">
         <name>.bss</name>
         <uninitialized>true</uninitialized>
         <run_address>0x1e27</run_address>
         <size>0x1</size>
         <input_file_ref idref="fl-8"/>
      </object_component>
      <object_component id="oc-121">
         <name>.bss</name>
         <uninitialized>true</uninitialized>
         <run_address>0x1d6c</run_address>
         <size>0x1d</size>
         <input_file_ref idref="fl-a"/>
      </object_component>
      <object_component id="oc-122">
         <name>.bss</name>
         <uninitialized>true</uninitialized>
         <run_address>0x1c00</run_address>
         <size>0x8c</size>
         <input_file_ref idref="fl-b"/>
      </object_component>
      <object_component id="oc-123">
         <name>.bss</name>
         <uninitialized>true</uninitialized>
         <run_address>0x1e1d</run_address>
         <size>0x1</size>
         <input_file_ref idref="fl-c"/>
      </object_component>
      <object_component id="oc-124">
         <name>.bss</name>
         <uninitialized>true</uninitialized>
         <run_address>0x1e00</run_address>
         <size>0xa</size>
         <input_file_ref idref="fl-d"/>
      </object_component>
      <object_component id="oc-127">
         <name>.bss</name>
         <uninitialized>true</uninitialized>
         <run_address>0x1e14</run_address>
         <size>0x9</size>
         <input_file_ref idref="fl-e"/>
      </object_component>
      <object_component id="oc-128">
         <name>.bss</name>
         <uninitialized>true</uninitialized>
         <run_address>0x1d30</run_address>
         <size>0x3c</size>
         <input_file_ref idref="fl-f"/>
      </object_component>
      <object_component id="oc-12a">
         <name>.bss</name>
         <uninitialized>true</uninitialized>
         <run_address>0x1d89</run_address>
         <size>0x1</size>
         <input_file_ref idref="fl-11"/>
      </object_component>
      <object_component id="oc-12b">
         <name>.bss</name>
         <uninitialized>true</uninitialized>
         <run_address>0x1d2f</run_address>
         <size>0x1</size>
         <input_file_ref idref="fl-18"/>
      </object_component>
      <object_component id="oc-12c">
         <name>.bss</name>
         <uninitialized>true</uninitialized>
         <run_address>0x1df6</run_address>
         <size>0xa</size>
         <input_file_ref idref="fl-12"/>
      </object_component>
      <object_component id="oc-12d">
         <name>.bss</name>
         <uninitialized>true</uninitialized>
         <run_address>0x1dd2</run_address>
         <size>0xe</size>
         <input_file_ref idref="fl-14"/>
      </object_component>
      <object_component id="oc-12e">
         <name>.bss</name>
         <uninitialized>true</uninitialized>
         <run_address>0x1e6e</run_address>
         <size>0x3</size>
         <input_file_ref idref="fl-17"/>
      </object_component>
      <object_component id="oc-12f">
         <name>.bss</name>
         <uninitialized>true</uninitialized>
         <run_address>0x1da6</run_address>
         <size>0x1a</size>
         <input_file_ref idref="fl-1a"/>
      </object_component>
      <object_component id="oc-130">
         <name>.bss</name>
         <uninitialized>true</uninitialized>
         <run_address>0x1e52</run_address>
         <size>0x7</size>
         <input_file_ref idref="fl-21"/>
      </object_component>
      <object_component id="oc-131">
         <name>.bss</name>
         <uninitialized>true</uninitialized>
         <run_address>0x1e3a</run_address>
         <size>0x8</size>
         <input_file_ref idref="fl-1b"/>
      </object_component>
      <object_component id="oc-132">
         <name>.bss</name>
         <uninitialized>true</uninitialized>
         <run_address>0x1e42</run_address>
         <size>0x8</size>
         <input_file_ref idref="fl-5b"/>
      </object_component>
      <object_component id="oc-aa">
         <name>.stack</name>
         <uninitialized>true</uninitialized>
         <run_address>0x2bac</run_address>
         <size>0x2</size>
         <input_file_ref idref="fl-30"/>
      </object_component>
      <object_component id="oc-1f5">
         <name>.stack</name>
         <uninitialized>true</uninitialized>
         <run_address>0x2bac</run_address>
         <size>0x0</size>
      </object_component>
      <object_component id="oc-175">
         <name>.text:BRRX__Scheduler_v</name>
         <load_address>0x8000</load_address>
         <run_address>0x8000</run_address>
         <size>0x284</size>
         <input_file_ref idref="fl-29"/>
      </object_component>
      <object_component id="oc-15d">
         <name>.text:test_mode</name>
         <load_address>0x8284</load_address>
         <run_address>0x8284</run_address>
         <size>0x1fa</size>
         <input_file_ref idref="fl-15"/>
      </object_component>
      <object_component id="oc-14e">
         <name>.text:_isr:TIMER0_A0_ISR</name>
         <load_address>0x847e</load_address>
         <run_address>0x847e</run_address>
         <size>0x166</size>
         <input_file_ref idref="fl-21"/>
      </object_component>
      <object_component id="oc-147">
         <name>.text:_isr:PORT2_ISR</name>
         <load_address>0x85e4</load_address>
         <run_address>0x85e4</run_address>
         <size>0x164</size>
         <input_file_ref idref="fl-1e"/>
      </object_component>
      <object_component id="oc-15b">
         <name>.text:init_application</name>
         <load_address>0x8748</load_address>
         <run_address>0x8748</run_address>
         <size>0x156</size>
         <input_file_ref idref="fl-2"/>
      </object_component>
      <object_component id="oc-151">
         <name>.text:display_acceleration</name>
         <load_address>0x889e</load_address>
         <run_address>0x889e</run_address>
         <size>0x144</size>
         <input_file_ref idref="fl-12"/>
      </object_component>
      <object_component id="oc-cd">
         <name>.text</name>
         <load_address>0x89e2</load_address>
         <run_address>0x89e2</run_address>
         <size>0x130</size>
         <input_file_ref idref="fl-3a"/>
      </object_component>
      <object_component id="oc-155">
         <name>.text:display_stopwatch</name>
         <load_address>0x8b12</load_address>
         <run_address>0x8b12</run_address>
         <size>0x11c</size>
         <input_file_ref idref="fl-14"/>
      </object_component>
      <object_component id="oc-15e">
         <name>.text:wakeup_event</name>
         <load_address>0x8c2e</load_address>
         <run_address>0x8c2e</run_address>
         <size>0x116</size>
         <input_file_ref idref="fl-2"/>
      </object_component>
      <object_component id="oc-184">
         <name>.text:PacketMissed_v</name>
         <load_address>0x8d44</load_address>
         <run_address>0x8d44</run_address>
         <size>0x10c</size>
         <input_file_ref idref="fl-29"/>
      </object_component>
      <object_component id="oc-164">
         <name>.text:stopwatch_tick</name>
         <load_address>0x8e50</load_address>
         <run_address>0x8e50</run_address>
         <size>0x100</size>
         <input_file_ref idref="fl-14"/>
      </object_component>
      <object_component id="oc-162">
         <name>.text:display_update</name>
         <load_address>0x8f50</load_address>
         <run_address>0x8f50</run_address>
         <size>0xf6</size>
         <input_file_ref idref="fl-2"/>
      </object_component>
      <object_component id="oc-171">
         <name>.text:bmp_ps_init</name>
         <load_address>0x9046</load_address>
         <run_address>0x9046</run_address>
         <size>0xe6</size>
         <input_file_ref idref="fl-1a"/>
      </object_component>
      <object_component id="oc-167">
         <name>.text:display_chars</name>
         <load_address>0x912c</load_address>
         <run_address>0x912c</run_address>
         <size>0xce</size>
         <input_file_ref idref="fl-1c"/>
      </object_component>
      <object_component id="oc-187">
         <name>.text:SearchPacketHit_u8</name>
         <load_address>0x91fa</load_address>
         <run_address>0x91fa</run_address>
         <size>0xb6</size>
         <input_file_ref idref="fl-29"/>
      </object_component>
      <object_component id="oc-e1">
         <name>.text</name>
         <load_address>0x92b0</load_address>
         <run_address>0x92b0</run_address>
         <size>0xb6</size>
         <input_file_ref idref="fl-3e"/>
      </object_component>
      <object_component id="oc-15c">
         <name>.text:init_global_variables</name>
         <load_address>0x9366</load_address>
         <run_address>0x9366</run_address>
         <size>0xb0</size>
         <input_file_ref idref="fl-2"/>
      </object_component>
      <object_component id="oc-18a">
         <name>.text:Strobe</name>
         <load_address>0x9416</load_address>
         <run_address>0x9416</run_address>
         <size>0xa4</size>
         <input_file_ref idref="fl-20"/>
      </object_component>
      <object_component id="oc-14b">
         <name>.text:main</name>
         <load_address>0x94ba</load_address>
         <run_address>0x94ba</run_address>
         <size>0x9e</size>
         <input_file_ref idref="fl-2"/>
      </object_component>
      <object_component id="oc-16b">
         <name>.text:int_to_array</name>
         <load_address>0x9558</load_address>
         <run_address>0x9558</run_address>
         <size>0x9c</size>
         <input_file_ref idref="fl-1c"/>
      </object_component>
      <object_component id="oc-16c">
         <name>.text:bmp_as_start</name>
         <load_address>0x95f4</load_address>
         <run_address>0x95f4</run_address>
         <size>0x98</size>
         <input_file_ref idref="fl-19"/>
      </object_component>
      <object_component id="oc-d7">
         <name>.text</name>
         <load_address>0x968c</load_address>
         <run_address>0x968c</run_address>
         <size>0x8e</size>
         <input_file_ref idref="fl-3c"/>
      </object_component>
      <object_component id="oc-18c">
         <name>.text:ps_i2c_sda</name>
         <load_address>0x971a</load_address>
         <run_address>0x971a</run_address>
         <size>0x8c</size>
         <input_file_ref idref="fl-1f"/>
      </object_component>
      <object_component id="oc-170">
         <name>.text:SetVCore</name>
         <load_address>0x97a6</load_address>
         <run_address>0x97a6</run_address>
         <size>0x88</size>
         <input_file_ref idref="fl-1d"/>
      </object_component>
      <object_component id="oc-18f">
         <name>.text:GetData_v</name>
         <load_address>0x982e</load_address>
         <run_address>0x982e</run_address>
         <size>0x86</size>
         <input_file_ref idref="fl-29"/>
      </object_component>
      <object_component id="oc-196">
         <name>.text:TrimACLK_Offset_v</name>
         <load_address>0x98b4</load_address>
         <run_address>0x98b4</run_address>
         <size>0x86</size>
         <input_file_ref idref="fl-29"/>
      </object_component>
      <object_component id="oc-14d">
         <name>.text:_isr:TIMER0_A1_5_ISR</name>
         <load_address>0x993a</load_address>
         <run_address>0x993a</run_address>
         <size>0x84</size>
         <input_file_ref idref="fl-21"/>
      </object_component>
      <object_component id="oc-177">
         <name>.text:BRRX_RadioReceive_v</name>
         <load_address>0x99be</load_address>
         <run_address>0x99be</run_address>
         <size>0x7e</size>
         <input_file_ref idref="fl-2e"/>
      </object_component>
      <object_component id="oc-16f">
         <name>.text:display_char</name>
         <load_address>0x9a3c</load_address>
         <run_address>0x9a3c</run_address>
         <size>0x72</size>
         <input_file_ref idref="fl-1c"/>
      </object_component>
      <object_component id="oc-17f">
         <name>.text:ps_read_register</name>
         <load_address>0x9aae</load_address>
         <run_address>0x9aae</run_address>
         <size>0x72</size>
         <input_file_ref idref="fl-1f"/>
      </object_component>
      <object_component id="oc-173">
         <name>.text:bmp_as_read_register</name>
         <load_address>0x9b20</load_address>
         <run_address>0x9b20</run_address>
         <size>0x64</size>
         <input_file_ref idref="fl-19"/>
      </object_component>
      <object_component id="oc-157">
         <name>.text:Timer0_A4_Delay</name>
         <load_address>0x9b84</load_address>
         <run_address>0x9b84</run_address>
         <size>0x62</size>
         <input_file_ref idref="fl-21"/>
      </object_component>
      <object_component id="oc-17c">
         <name>.text:bmp_as_write_register</name>
         <load_address>0x9be6</load_address>
         <run_address>0x9be6</run_address>
         <size>0x5e</size>
         <input_file_ref idref="fl-19"/>
      </object_component>
      <object_component id="oc-191">
         <name>.text:PrepareForFirstPacket_v</name>
         <load_address>0x9c44</load_address>
         <run_address>0x9c44</run_address>
         <size>0x5c</size>
         <input_file_ref idref="fl-29"/>
      </object_component>
      <object_component id="oc-14a">
         <name>.text:_auto_init_hold_wdt</name>
         <load_address>0x9ca0</load_address>
         <run_address>0x9ca0</run_address>
         <size>0x5c</size>
         <input_file_ref idref="fl-5d"/>
      </object_component>
      <object_component id="oc-160">
         <name>.text:toggle_buzzer</name>
         <load_address>0x9cfc</load_address>
         <run_address>0x9cfc</run_address>
         <size>0x5c</size>
         <input_file_ref idref="fl-1b"/>
      </object_component>
      <object_component id="oc-190">
         <name>.text:BRRX__StartNewSearch_v</name>
         <load_address>0x9d58</load_address>
         <run_address>0x9d58</run_address>
         <size>0x58</size>
         <input_file_ref idref="fl-29"/>
      </object_component>
      <object_component id="oc-172">
         <name>.text:clear_line</name>
         <load_address>0x9db0</load_address>
         <run_address>0x9db0</run_address>
         <size>0x58</size>
         <input_file_ref idref="fl-1c"/>
      </object_component>
      <object_component id="oc-c3">
         <name>.text</name>
         <load_address>0x9e08</load_address>
         <run_address>0x9e08</run_address>
         <size>0x58</size>
         <input_file_ref idref="fl-38"/>
      </object_component>
      <object_component id="oc-186">
         <name>.text:TestStartTime_v</name>
         <load_address>0x9e60</load_address>
         <run_address>0x9e60</run_address>
         <size>0x52</size>
         <input_file_ref idref="fl-29"/>
      </object_component>
      <object_component id="oc-18d">
         <name>.text:ps_i2c_read</name>
         <load_address>0x9eb2</load_address>
         <run_address>0x9eb2</run_address>
         <size>0x52</size>
         <input_file_ref idref="fl-1f"/>
      </object_component>
      <object_component id="oc-181">
         <name>.text:SearchPacketCheck_u8</name>
         <load_address>0x9f04</load_address>
         <run_address>0x9f04</run_address>
         <size>0x4e</size>
         <input_file_ref idref="fl-29"/>
      </object_component>
      <object_component id="oc-15f">
         <name>.text:bmp_as_get_data</name>
         <load_address>0x9f52</load_address>
         <run_address>0x9f52</run_address>
         <size>0x4c</size>
         <input_file_ref idref="fl-19"/>
      </object_component>
      <object_component id="oc-d2">
         <name>.text</name>
         <load_address>0x9f9e</load_address>
         <run_address>0x9f9e</run_address>
         <size>0x4a</size>
         <input_file_ref idref="fl-3b"/>
      </object_component>
      <object_component id="oc-193">
         <name>.text:BR__CalcRandomTimeOffset_u16</name>
         <load_address>0x9fe8</load_address>
         <run_address>0x9fe8</run_address>
         <size>0x48</size>
         <input_file_ref idref="fl-2d"/>
      </object_component>
      <object_component id="oc-e6">
         <name>.text</name>
         <load_address>0xa030</load_address>
         <run_address>0xa030</run_address>
         <size>0x46</size>
         <input_file_ref idref="fl-3f"/>
      </object_component>
      <object_component id="oc-183">
         <name>.text:PacketHit_u8</name>
         <load_address>0xa076</load_address>
         <run_address>0xa076</run_address>
         <size>0x42</size>
         <input_file_ref idref="fl-29"/>
      </object_component>
      <object_component id="oc-18e">
         <name>.text:ps_i2c_write</name>
         <load_address>0xa0b8</load_address>
         <run_address>0xa0b8</run_address>
         <size>0x42</size>
         <input_file_ref idref="fl-1f"/>
      </object_component>
      <object_component id="oc-192">
         <name>.text:BRRX__NewInfo_v</name>
         <load_address>0xa0fa</load_address>
         <run_address>0xa0fa</run_address>
         <size>0x40</size>
         <input_file_ref idref="fl-2c"/>
      </object_component>
      <object_component id="oc-be">
         <name>.text</name>
         <load_address>0xa13a</load_address>
         <run_address>0xa13a</run_address>
         <size>0x40</size>
         <input_file_ref idref="fl-37"/>
      </object_component>
      <object_component id="oc-198">
         <name>.text:l_lsr_const</name>
         <load_address>0xa17a</load_address>
         <run_address>0xa17a</run_address>
         <size>0x3e</size>
         <input_file_ref idref="fl-52"/>
      </object_component>
      <object_component id="oc-165">
         <name>.text:BRRX_TimerTask_v</name>
         <load_address>0xa1b8</load_address>
         <run_address>0xa1b8</run_address>
         <size>0x3c</size>
         <input_file_ref idref="fl-28"/>
      </object_component>
      <object_component id="oc-163">
         <name>.text:update_stopwatch_timer</name>
         <load_address>0xa1f4</load_address>
         <run_address>0xa1f4</run_address>
         <size>0x3c</size>
         <input_file_ref idref="fl-14"/>
      </object_component>
      <object_component id="oc-18b">
         <name>.text:WriteSingleReg</name>
         <load_address>0xa230</load_address>
         <run_address>0xa230</run_address>
         <size>0x3a</size>
         <input_file_ref idref="fl-20"/>
      </object_component>
      <object_component id="oc-dc">
         <name>.text</name>
         <load_address>0xa26a</load_address>
         <run_address>0xa26a</run_address>
         <size>0x36</size>
         <input_file_ref idref="fl-3d"/>
      </object_component>
      <object_component id="oc-17a">
         <name>.text:write_lcd_mem</name>
         <load_address>0xa2a0</load_address>
         <run_address>0xa2a0</run_address>
         <size>0x36</size>
         <input_file_ref idref="fl-1c"/>
      </object_component>
      <object_component id="oc-185">
         <name>.text:TrimRFCLK_Offset_v</name>
         <load_address>0xa2d6</load_address>
         <run_address>0xa2d6</run_address>
         <size>0x34</size>
         <input_file_ref idref="fl-29"/>
      </object_component>
      <object_component id="oc-153">
         <name>.text:sx_stopwatch</name>
         <load_address>0xa30a</load_address>
         <run_address>0xa30a</run_address>
         <size>0x34</size>
         <input_file_ref idref="fl-14"/>
      </object_component>
      <object_component id="oc-176">
         <name>.text:BRRX_RadioStop_v</name>
         <load_address>0xa33e</load_address>
         <run_address>0xa33e</run_address>
         <size>0x32</size>
         <input_file_ref idref="fl-2e"/>
      </object_component>
      <object_component id="oc-166">
         <name>.text:as_stop</name>
         <load_address>0xa370</load_address>
         <run_address>0xa370</run_address>
         <size>0x32</size>
         <input_file_ref idref="fl-18"/>
      </object_component>
      <object_component id="oc-eb">
         <name>.text</name>
         <load_address>0xa3a2</load_address>
         <run_address>0xa3a2</run_address>
         <size>0x32</size>
         <input_file_ref idref="fl-40"/>
      </object_component>
      <object_component id="oc-161">
         <name>.text:Timer0_A3_Start</name>
         <load_address>0xa3d4</load_address>
         <run_address>0xa3d4</run_address>
         <size>0x2e</size>
         <input_file_ref idref="fl-21"/>
      </object_component>
      <object_component id="oc-b4">
         <name>.text</name>
         <load_address>0xa402</load_address>
         <run_address>0xa402</run_address>
         <size>0x2c</size>
         <input_file_ref idref="fl-35"/>
      </object_component>
      <object_component id="oc-188">
         <name>.text:SearchPacketMissed_u8</name>
         <load_address>0xa42e</load_address>
         <run_address>0xa42e</run_address>
         <size>0x2a</size>
         <input_file_ref idref="fl-29"/>
      </object_component>
      <object_component id="oc-69">
         <name>.text:_isr:_c_int00_noexit</name>
         <load_address>0xa458</load_address>
         <run_address>0xa458</run_address>
         <size>0x2a</size>
         <input_file_ref idref="fl-30"/>
      </object_component>
      <object_component id="oc-154">
         <name>.text:mx_stopwatch</name>
         <load_address>0xa482</load_address>
         <run_address>0xa482</run_address>
         <size>0x28</size>
         <input_file_ref idref="fl-14"/>
      </object_component>
      <object_component id="oc-174">
         <name>.text:stop_buzzer</name>
         <load_address>0xa4aa</load_address>
         <run_address>0xa4aa</run_address>
         <size>0x28</size>
         <input_file_ref idref="fl-1b"/>
      </object_component>
      <object_component id="oc-197">
         <name>.text:BRRX_GetState_t</name>
         <load_address>0xa4d2</load_address>
         <run_address>0xa4d2</run_address>
         <size>0x24</size>
         <input_file_ref idref="fl-2c"/>
      </object_component>
      <object_component id="oc-17e">
         <name>.text:ps_init</name>
         <load_address>0xa4f6</load_address>
         <run_address>0xa4f6</run_address>
         <size>0x24</size>
         <input_file_ref idref="fl-1f"/>
      </object_component>
      <object_component id="oc-f0">
         <name>.text</name>
         <load_address>0xa51a</load_address>
         <run_address>0xa51a</run_address>
         <size>0x24</size>
         <input_file_ref idref="fl-41"/>
      </object_component>
      <object_component id="oc-107">
         <name>.text</name>
         <load_address>0xa53e</load_address>
         <run_address>0xa53e</run_address>
         <size>0x22</size>
         <input_file_ref idref="fl-59"/>
      </object_component>
      <object_component id="oc-178">
         <name>.text:SetAbsoluteTimer_v</name>
         <load_address>0xa560</load_address>
         <run_address>0xa560</run_address>
         <size>0x1e</size>
         <input_file_ref idref="fl-28"/>
      </object_component>
      <object_component id="oc-182">
         <name>.text:GetPacketTolerance_u8</name>
         <load_address>0xa57e</load_address>
         <run_address>0xa57e</run_address>
         <size>0x1a</size>
         <input_file_ref idref="fl-29"/>
      </object_component>
      <object_component id="oc-14f">
         <name>.text:_isr:ADC12ISR</name>
         <load_address>0xa598</load_address>
         <run_address>0xa598</run_address>
         <size>0x1a</size>
         <input_file_ref idref="fl-17"/>
      </object_component>
      <object_component id="oc-159">
         <name>.text:stop_stopwatch</name>
         <load_address>0xa5b2</load_address>
         <run_address>0xa5b2</run_address>
         <size>0x1a</size>
         <input_file_ref idref="fl-14"/>
      </object_component>
      <object_component id="oc-168">
         <name>.text:display_symbol</name>
         <load_address>0xa5cc</load_address>
         <run_address>0xa5cc</run_address>
         <size>0x16</size>
         <input_file_ref idref="fl-1c"/>
      </object_component>
      <object_component id="oc-b9">
         <name>.text</name>
         <load_address>0xa5e2</load_address>
         <run_address>0xa5e2</run_address>
         <size>0x16</size>
         <input_file_ref idref="fl-36"/>
      </object_component>
      <object_component id="oc-102">
         <name>.text</name>
         <load_address>0xa5f8</load_address>
         <run_address>0xa5f8</run_address>
         <size>0x16</size>
         <input_file_ref idref="fl-58"/>
      </object_component>
      <object_component id="oc-158">
         <name>.text:is_stopwatch</name>
         <load_address>0xa60e</load_address>
         <run_address>0xa60e</run_address>
         <size>0x14</size>
         <input_file_ref idref="fl-14"/>
      </object_component>
      <object_component id="oc-15a">
         <name>.text:memcpy</name>
         <load_address>0xa622</load_address>
         <run_address>0xa622</run_address>
         <size>0x12</size>
         <input_file_ref idref="fl-54"/>
      </object_component>
      <object_component id="oc-16d">
         <name>.text:l_lsl</name>
         <load_address>0xa634</load_address>
         <run_address>0xa634</run_address>
         <size>0x10</size>
         <input_file_ref idref="fl-51"/>
      </object_component>
      <object_component id="oc-16e">
         <name>.text:l_lsr</name>
         <load_address>0xa644</load_address>
         <run_address>0xa644</run_address>
         <size>0x10</size>
         <input_file_ref idref="fl-52"/>
      </object_component>
      <object_component id="oc-180">
         <name>.text:BRRX__GetCurrentTime_u16</name>
         <load_address>0xa654</load_address>
         <run_address>0xa654</run_address>
         <size>0xc</size>
         <input_file_ref idref="fl-28"/>
      </object_component>
      <object_component id="oc-152">
         <name>.text:update_acceleration</name>
         <load_address>0xa660</load_address>
         <run_address>0xa660</run_address>
         <size>0xc</size>
         <input_file_ref idref="fl-13"/>
      </object_component>
      <object_component id="oc-156">
         <name>.text:update_stopwatch</name>
         <load_address>0xa66c</load_address>
         <run_address>0xa66c</run_address>
         <size>0xc</size>
         <input_file_ref idref="fl-13"/>
      </object_component>
      <object_component id="oc-189">
         <name>.text:BRRX__StopTimer_v</name>
         <load_address>0xa678</load_address>
         <run_address>0xa678</run_address>
         <size>0xa</size>
         <input_file_ref idref="fl-28"/>
      </object_component>
      <object_component id="oc-194">
         <name>.text:BRRX_GetFS_Offset_s8</name>
         <load_address>0xa682</load_address>
         <run_address>0xa682</run_address>
         <size>0x8</size>
         <input_file_ref idref="fl-2e"/>
      </object_component>
      <object_component id="oc-f5">
         <name>.text:__TI_ISR_TRAP</name>
         <load_address>0xa68a</load_address>
         <run_address>0xa68a</run_address>
         <size>0x6</size>
         <input_file_ref idref="fl-50"/>
      </object_component>
      <object_component id="oc-149">
         <name>.text:_system_pre_init</name>
         <load_address>0xa690</load_address>
         <run_address>0xa690</run_address>
         <size>0x4</size>
         <input_file_ref idref="fl-5a"/>
      </object_component>
      <object_component id="oc-14c">
         <name>.text:abort</name>
         <load_address>0xa694</load_address>
         <run_address>0xa694</run_address>
         <size>0x4</size>
         <input_file_ref idref="fl-39"/>
      </object_component>
      <object_component id="oc-195">
         <name>.text:ps_i2c_delay</name>
         <load_address>0xa698</load_address>
         <run_address>0xa698</run_address>
         <size>0x4</size>
         <input_file_ref idref="fl-1f"/>
      </object_component>
      <object_component id="oc-148">
         <name>.text:_nop</name>
         <load_address>0xa69c</load_address>
         <run_address>0xa69c</run_address>
         <size>0x2</size>
         <input_file_ref idref="fl-5b"/>
      </object_component>
      <object_component id="oc-150">
         <name>.text:dummy</name>
         <load_address>0xa69e</load_address>
         <run_address>0xa69e</run_address>
         <size>0x2</size>
         <input_file_ref idref="fl-16"/>
      </object_component>
      <object_component id="oc-117">
         <name>.cinit</name>
         <load_address>0xaab0</load_address>
         <run_address>0xaab0</run_address>
         <size>0x12b</size>
         <input_file_ref idref="fl-63"/>
      </object_component>
      <object_component id="oc-85">
         <name>.cinit</name>
         <load_address>0xabdc</load_address>
         <run_address>0xabdc</run_address>
         <size>0x17</size>
         <input_file_ref idref="fl-29"/>
      </object_component>
      <object_component id="oc-7f">
         <name>.cinit</name>
         <load_address>0xabf4</load_address>
         <run_address>0xabf4</run_address>
         <size>0x17</size>
         <input_file_ref idref="fl-28"/>
      </object_component>
      <object_component id="oc-a0">
         <name>.cinit</name>
         <load_address>0xac0c</load_address>
         <run_address>0xac0c</run_address>
         <size>0xc</size>
         <input_file_ref idref="fl-2e"/>
      </object_component>
      <object_component id="oc-90">
         <name>.cinit</name>
         <load_address>0xac18</load_address>
         <run_address>0xac18</run_address>
         <size>0xb</size>
         <input_file_ref idref="fl-2b"/>
      </object_component>
      <object_component id="oc-17b">
         <name>.const:int_to_array_conversion_table</name>
         <load_address>0xa6a0</load_address>
         <run_address>0xa6a0</run_address>
         <size>0x21f</size>
         <input_file_ref idref="fl-1c"/>
      </object_component>
      <object_component id="oc-129">
         <name>.const</name>
         <load_address>0xa8bf</load_address>
         <run_address>0xa8bf</run_address>
         <size>0x1</size>
         <input_file_ref idref="fl-f"/>
      </object_component>
      <object_component id="oc-199">
         <name>.const:RandomValue_u8</name>
         <load_address>0xa8c0</load_address>
         <run_address>0xa8c0</run_address>
         <size>0x100</size>
         <input_file_ref idref="fl-2d"/>
      </object_component>
      <object_component id="oc-133">
         <name>.const:.string</name>
         <load_address>0xa9c0</load_address>
         <run_address>0xa9c0</run_address>
         <size>0x4c</size>
         <input_file_ref idref="fl-63"/>
      </object_component>
      <object_component id="oc-17d">
         <name>.const:.string:lcd_font</name>
         <load_address>0xaa0c</load_address>
         <run_address>0xaa0c</run_address>
         <size>0x2b</size>
         <input_file_ref idref="fl-1c"/>
      </object_component>
      <object_component id="oc-125">
         <name>.const</name>
         <load_address>0xaa37</load_address>
         <run_address>0xaa37</run_address>
         <size>0x1</size>
         <input_file_ref idref="fl-d"/>
      </object_component>
      <object_component id="oc-179">
         <name>.const:.string:segments_bitmask</name>
         <load_address>0xaa38</load_address>
         <run_address>0xaa38</run_address>
         <size>0x2a</size>
         <input_file_ref idref="fl-1c"/>
      </object_component>
      <object_component id="oc-11a">
         <name>.const</name>
         <load_address>0xaa62</load_address>
         <run_address>0xaa62</run_address>
         <size>0x24</size>
         <input_file_ref idref="fl-13"/>
      </object_component>
      <object_component id="oc-169">
         <name>.const:bmp_mgrav_per_bit</name>
         <load_address>0xaa86</load_address>
         <run_address>0xaa86</run_address>
         <size>0xe</size>
         <input_file_ref idref="fl-12"/>
      </object_component>
      <object_component id="oc-16a">
         <name>.const:cma_mgrav_per_bit</name>
         <load_address>0xaa94</load_address>
         <run_address>0xaa94</run_address>
         <size>0xe</size>
         <input_file_ref idref="fl-12"/>
      </object_component>
      <object_component id="oc-126">
         <name>.const</name>
         <load_address>0xaaa2</load_address>
         <run_address>0xaaa2</run_address>
         <size>0x9</size>
         <input_file_ref idref="fl-e"/>
      </object_component>
      <object_component id="oc-8b">
         <name>.const</name>
         <load_address>0xaaac</load_address>
         <run_address>0xaaac</run_address>
         <size>0x4</size>
         <input_file_ref idref="fl-2a"/>
      </object_component>
      <object_component id="oc-64">
         <name>.int45</name>
         <load_address>0xffda</load_address>
         <run_address>0xffda</run_address>
         <size>0x2</size>
         <input_file_ref idref="fl-42"/>
      </object_component>
      <object_component id="oc-65">
         <name>.int46</name>
         <load_address>0xffdc</load_address>
         <run_address>0xffdc</run_address>
         <size>0x2</size>
         <input_file_ref idref="fl-43"/>
      </object_component>
      <object_component id="oc-66">
         <name>.int47</name>
         <load_address>0xffde</load_address>
         <run_address>0xffde</run_address>
         <size>0x2</size>
         <input_file_ref idref="fl-44"/>
      </object_component>
      <object_component id="oc-67">
         <name>.int48</name>
         <load_address>0xffe0</load_address>
         <run_address>0xffe0</run_address>
         <size>0x2</size>
         <input_file_ref idref="fl-63"/>
      </object_component>
      <object_component id="oc-68">
         <name>.int49</name>
         <load_address>0xffe2</load_address>
         <run_address>0xffe2</run_address>
         <size>0x2</size>
         <input_file_ref idref="fl-45"/>
      </object_component>
      <object_component id="oc-6a">
         <name>.int50</name>
         <load_address>0xffe4</load_address>
         <run_address>0xffe4</run_address>
         <size>0x2</size>
         <input_file_ref idref="fl-46"/>
      </object_component>
      <object_component id="oc-6b">
         <name>.int51</name>
         <load_address>0xffe6</load_address>
         <run_address>0xffe6</run_address>
         <size>0x2</size>
         <input_file_ref idref="fl-47"/>
      </object_component>
      <object_component id="oc-6c">
         <name>.int52</name>
         <load_address>0xffe8</load_address>
         <run_address>0xffe8</run_address>
         <size>0x2</size>
         <input_file_ref idref="fl-48"/>
      </object_component>
      <object_component id="oc-6d">
         <name>.int53</name>
         <load_address>0xffea</load_address>
         <run_address>0xffea</run_address>
         <size>0x2</size>
         <input_file_ref idref="fl-49"/>
      </object_component>
      <object_component id="oc-6e">
         <name>.int54</name>
         <load_address>0xffec</load_address>
         <run_address>0xffec</run_address>
         <size>0x2</size>
         <input_file_ref idref="fl-63"/>
      </object_component>
      <object_component id="oc-6f">
         <name>.int55</name>
         <load_address>0xffee</load_address>
         <run_address>0xffee</run_address>
         <size>0x2</size>
         <input_file_ref idref="fl-63"/>
      </object_component>
      <object_component id="oc-70">
         <name>.int56</name>
         <load_address>0xfff0</load_address>
         <run_address>0xfff0</run_address>
         <size>0x2</size>
         <input_file_ref idref="fl-63"/>
      </object_component>
      <object_component id="oc-71">
         <name>.int57</name>
         <load_address>0xfff2</load_address>
         <run_address>0xfff2</run_address>
         <size>0x2</size>
         <input_file_ref idref="fl-4a"/>
      </object_component>
      <object_component id="oc-72">
         <name>.int58</name>
         <load_address>0xfff4</load_address>
         <run_address>0xfff4</run_address>
         <size>0x2</size>
         <input_file_ref idref="fl-4b"/>
      </object_component>
      <object_component id="oc-73">
         <name>.int59</name>
         <load_address>0xfff6</load_address>
         <run_address>0xfff6</run_address>
         <size>0x2</size>
         <input_file_ref idref="fl-4c"/>
      </object_component>
      <object_component id="oc-74">
         <name>.int60</name>
         <load_address>0xfff8</load_address>
         <run_address>0xfff8</run_address>
         <size>0x2</size>
         <input_file_ref idref="fl-4d"/>
      </object_component>
      <object_component id="oc-75">
         <name>.int61</name>
         <load_address>0xfffa</load_address>
         <run_address>0xfffa</run_address>
         <size>0x2</size>
         <input_file_ref idref="fl-4e"/>
      </object_component>
      <object_component id="oc-76">
         <name>.int62</name>
         <load_address>0xfffc</load_address>
         <run_address>0xfffc</run_address>
         <size>0x2</size>
         <input_file_ref idref="fl-4f"/>
      </object_component>
      <object_component id="oc-ab">
         <name>.reset</name>
         <load_address>0xfffe</load_address>
         <run_address>0xfffe</run_address>
         <size>0x2</size>
         <input_file_ref idref="fl-30"/>
      </object_component>
      <object_component id="oc-78">
         <name>.debug_info</name>
         <load_address>0x0</load_address>
         <run_address>0x0</run_address>
         <size>0x815</size>
         <input_file_ref idref="fl-1f"/>
      </object_component>
      <object_component id="oc-7e">
         <name>.debug_info</name>
         <load_address>0x815</load_address>
         <run_address>0x815</run_address>
         <size>0x101f</size>
         <input_file_ref idref="fl-28"/>
      </object_component>
      <object_component id="oc-84">
         <name>.debug_info</name>
         <load_address>0x1834</load_address>
         <run_address>0x1834</run_address>
         <size>0x2044</size>
         <input_file_ref idref="fl-29"/>
      </object_component>
      <object_component id="oc-8a">
         <name>.debug_info</name>
         <load_address>0x3878</load_address>
         <run_address>0x3878</run_address>
         <size>0xac8</size>
         <input_file_ref idref="fl-2a"/>
      </object_component>
      <object_component id="oc-8f">
         <name>.debug_info</name>
         <load_address>0x4340</load_address>
         <run_address>0x4340</run_address>
         <size>0xbfa</size>
         <input_file_ref idref="fl-2b"/>
      </object_component>
      <object_component id="oc-95">
         <name>.debug_info</name>
         <load_address>0x4f3a</load_address>
         <run_address>0x4f3a</run_address>
         <size>0xfc9</size>
         <input_file_ref idref="fl-2c"/>
      </object_component>
      <object_component id="oc-9a">
         <name>.debug_info</name>
         <load_address>0x5f03</load_address>
         <run_address>0x5f03</run_address>
         <size>0x5ee</size>
         <input_file_ref idref="fl-2d"/>
      </object_component>
      <object_component id="oc-9f">
         <name>.debug_info</name>
         <load_address>0x64f1</load_address>
         <run_address>0x64f1</run_address>
         <size>0x1010</size>
         <input_file_ref idref="fl-2e"/>
      </object_component>
      <object_component id="oc-a4">
         <name>.debug_info</name>
         <load_address>0x7501</load_address>
         <run_address>0x7501</run_address>
         <size>0x8b</size>
         <input_file_ref idref="fl-2f"/>
      </object_component>
      <object_component id="oc-a9">
         <name>.debug_info</name>
         <load_address>0x758c</load_address>
         <run_address>0x758c</run_address>
         <size>0x3d9</size>
         <input_file_ref idref="fl-30"/>
      </object_component>
      <object_component id="oc-b0">
         <name>.debug_info</name>
         <load_address>0x7965</load_address>
         <run_address>0x7965</run_address>
         <size>0x8e</size>
         <input_file_ref idref="fl-34"/>
      </object_component>
      <object_component id="oc-b5">
         <name>.debug_info</name>
         <load_address>0x79f3</load_address>
         <run_address>0x79f3</run_address>
         <size>0xcb</size>
         <input_file_ref idref="fl-35"/>
      </object_component>
      <object_component id="oc-ba">
         <name>.debug_info</name>
         <load_address>0x7abe</load_address>
         <run_address>0x7abe</run_address>
         <size>0xbe</size>
         <input_file_ref idref="fl-36"/>
      </object_component>
      <object_component id="oc-bf">
         <name>.debug_info</name>
         <load_address>0x7b7c</load_address>
         <run_address>0x7b7c</run_address>
         <size>0xce</size>
         <input_file_ref idref="fl-37"/>
      </object_component>
      <object_component id="oc-c4">
         <name>.debug_info</name>
         <load_address>0x7c4a</load_address>
         <run_address>0x7c4a</run_address>
         <size>0xc0</size>
         <input_file_ref idref="fl-38"/>
      </object_component>
      <object_component id="oc-c8">
         <name>.debug_info</name>
         <load_address>0x7d0a</load_address>
         <run_address>0x7d0a</run_address>
         <size>0x29b</size>
         <input_file_ref idref="fl-39"/>
      </object_component>
      <object_component id="oc-ce">
         <name>.debug_info</name>
         <load_address>0x7fa5</load_address>
         <run_address>0x7fa5</run_address>
         <size>0xc2</size>
         <input_file_ref idref="fl-3a"/>
      </object_component>
      <object_component id="oc-d3">
         <name>.debug_info</name>
         <load_address>0x8067</load_address>
         <run_address>0x8067</run_address>
         <size>0xce</size>
         <input_file_ref idref="fl-3b"/>
      </object_component>
      <object_component id="oc-d8">
         <name>.debug_info</name>
         <load_address>0x8135</load_address>
         <run_address>0x8135</run_address>
         <size>0xc2</size>
         <input_file_ref idref="fl-3c"/>
      </object_component>
      <object_component id="oc-dd">
         <name>.debug_info</name>
         <load_address>0x81f7</load_address>
         <run_address>0x81f7</run_address>
         <size>0xcb</size>
         <input_file_ref idref="fl-3d"/>
      </object_component>
      <object_component id="oc-e2">
         <name>.debug_info</name>
         <load_address>0x82c2</load_address>
         <run_address>0x82c2</run_address>
         <size>0xc2</size>
         <input_file_ref idref="fl-3e"/>
      </object_component>
      <object_component id="oc-e7">
         <name>.debug_info</name>
         <load_address>0x8384</load_address>
         <run_address>0x8384</run_address>
         <size>0xce</size>
         <input_file_ref idref="fl-3f"/>
      </object_component>
      <object_component id="oc-ec">
         <name>.debug_info</name>
         <load_address>0x8452</load_address>
         <run_address>0x8452</run_address>
         <size>0xc8</size>
         <input_file_ref idref="fl-40"/>
      </object_component>
      <object_component id="oc-f1">
         <name>.debug_info</name>
         <load_address>0x851a</load_address>
         <run_address>0x851a</run_address>
         <size>0xc5</size>
         <input_file_ref idref="fl-41"/>
      </object_component>
      <object_component id="oc-f6">
         <name>.debug_info</name>
         <load_address>0x85df</load_address>
         <run_address>0x85df</run_address>
         <size>0xba</size>
         <input_file_ref idref="fl-50"/>
      </object_component>
      <object_component id="oc-fa">
         <name>.debug_info</name>
         <load_address>0x8699</load_address>
         <run_address>0x8699</run_address>
         <size>0xbb</size>
         <input_file_ref idref="fl-51"/>
      </object_component>
      <object_component id="oc-fe">
         <name>.debug_info</name>
         <load_address>0x8754</load_address>
         <run_address>0x8754</run_address>
         <size>0xf1</size>
         <input_file_ref idref="fl-52"/>
      </object_component>
      <object_component id="oc-103">
         <name>.debug_info</name>
         <load_address>0x8845</load_address>
         <run_address>0x8845</run_address>
         <size>0xcd</size>
         <input_file_ref idref="fl-58"/>
      </object_component>
      <object_component id="oc-108">
         <name>.debug_info</name>
         <load_address>0x8912</load_address>
         <run_address>0x8912</run_address>
         <size>0xcd</size>
         <input_file_ref idref="fl-59"/>
      </object_component>
      <object_component id="oc-10c">
         <name>.debug_info</name>
         <load_address>0x89df</load_address>
         <run_address>0x89df</run_address>
         <size>0x288</size>
         <input_file_ref idref="fl-5c"/>
      </object_component>
      <object_component id="oc-111">
         <name>.debug_info</name>
         <load_address>0x8c67</load_address>
         <run_address>0x8c67</run_address>
         <size>0x37e</size>
         <input_file_ref idref="fl-5d"/>
      </object_component>
      <object_component id="oc-116">
         <name>.debug_info</name>
         <load_address>0x8fe5</load_address>
         <run_address>0x8fe5</run_address>
         <size>0x5929</size>
         <input_file_ref idref="fl-63"/>
      </object_component>
      <object_component id="oc-138">
         <name>.debug_info</name>
         <load_address>0xe90e</load_address>
         <run_address>0xe90e</run_address>
         <size>0x286</size>
         <input_file_ref idref="fl-64"/>
      </object_component>
      <object_component id="oc-13d">
         <name>.debug_info</name>
         <load_address>0xeb94</load_address>
         <run_address>0xeb94</run_address>
         <size>0x27b</size>
         <input_file_ref idref="fl-65"/>
      </object_component>
      <object_component id="oc-142">
         <name>.debug_info</name>
         <load_address>0xee0f</load_address>
         <run_address>0xee0f</run_address>
         <size>0x284</size>
         <input_file_ref idref="fl-66"/>
      </object_component>
      <object_component id="oc-1f6">
         <name>.debug_info</name>
         <load_address>0xf093</load_address>
         <run_address>0xf093</run_address>
         <size>0xc2</size>
      </object_component>
      <object_component id="oc-79">
         <name>.debug_frame</name>
         <load_address>0x0</load_address>
         <run_address>0x0</run_address>
         <size>0xf5</size>
         <input_file_ref idref="fl-1f"/>
      </object_component>
      <object_component id="oc-80">
         <name>.debug_frame</name>
         <load_address>0xf5</load_address>
         <run_address>0xf5</run_address>
         <size>0x86</size>
         <input_file_ref idref="fl-28"/>
      </object_component>
      <object_component id="oc-86">
         <name>.debug_frame</name>
         <load_address>0x17b</load_address>
         <run_address>0x17b</run_address>
         <size>0x1a8</size>
         <input_file_ref idref="fl-29"/>
      </object_component>
      <object_component id="oc-91">
         <name>.debug_frame</name>
         <load_address>0x323</load_address>
         <run_address>0x323</run_address>
         <size>0x32</size>
         <input_file_ref idref="fl-2b"/>
      </object_component>
      <object_component id="oc-96">
         <name>.debug_frame</name>
         <load_address>0x355</load_address>
         <run_address>0x355</run_address>
         <size>0x5c</size>
         <input_file_ref idref="fl-2c"/>
      </object_component>
      <object_component id="oc-9b">
         <name>.debug_frame</name>
         <load_address>0x3b1</load_address>
         <run_address>0x3b1</run_address>
         <size>0x54</size>
         <input_file_ref idref="fl-2d"/>
      </object_component>
      <object_component id="oc-a1">
         <name>.debug_frame</name>
         <load_address>0x405</load_address>
         <run_address>0x405</run_address>
         <size>0x71</size>
         <input_file_ref idref="fl-2e"/>
      </object_component>
      <object_component id="oc-ac">
         <name>.debug_frame</name>
         <load_address>0x476</load_address>
         <run_address>0x476</run_address>
         <size>0x42</size>
         <input_file_ref idref="fl-30"/>
      </object_component>
      <object_component id="oc-c9">
         <name>.debug_frame</name>
         <load_address>0x4b8</load_address>
         <run_address>0x4b8</run_address>
         <size>0x47</size>
         <input_file_ref idref="fl-39"/>
      </object_component>
      <object_component id="oc-10d">
         <name>.debug_frame</name>
         <load_address>0x4ff</load_address>
         <run_address>0x4ff</run_address>
         <size>0x32</size>
         <input_file_ref idref="fl-5c"/>
      </object_component>
      <object_component id="oc-112">
         <name>.debug_frame</name>
         <load_address>0x531</load_address>
         <run_address>0x531</run_address>
         <size>0x56</size>
         <input_file_ref idref="fl-5d"/>
      </object_component>
      <object_component id="oc-134">
         <name>.debug_frame</name>
         <load_address>0x587</load_address>
         <run_address>0x587</run_address>
         <size>0x564</size>
         <input_file_ref idref="fl-63"/>
      </object_component>
      <object_component id="oc-139">
         <name>.debug_frame</name>
         <load_address>0xaeb</load_address>
         <run_address>0xaeb</run_address>
         <size>0x32</size>
         <input_file_ref idref="fl-64"/>
      </object_component>
      <object_component id="oc-13e">
         <name>.debug_frame</name>
         <load_address>0xb1d</load_address>
         <run_address>0xb1d</run_address>
         <size>0x32</size>
         <input_file_ref idref="fl-65"/>
      </object_component>
      <object_component id="oc-143">
         <name>.debug_frame</name>
         <load_address>0xb4f</load_address>
         <run_address>0xb4f</run_address>
         <size>0x32</size>
         <input_file_ref idref="fl-66"/>
      </object_component>
      <object_component id="oc-7a">
         <name>.debug_line</name>
         <load_address>0x0</load_address>
         <run_address>0x0</run_address>
         <size>0x14e</size>
         <input_file_ref idref="fl-1f"/>
      </object_component>
      <object_component id="oc-81">
         <name>.debug_line</name>
         <load_address>0x14e</load_address>
         <run_address>0x14e</run_address>
         <size>0x339</size>
         <input_file_ref idref="fl-28"/>
      </object_component>
      <object_component id="oc-87">
         <name>.debug_line</name>
         <load_address>0x487</load_address>
         <run_address>0x487</run_address>
         <size>0x6d5</size>
         <input_file_ref idref="fl-29"/>
      </object_component>
      <object_component id="oc-8c">
         <name>.debug_line</name>
         <load_address>0xb5c</load_address>
         <run_address>0xb5c</run_address>
         <size>0x24a</size>
         <input_file_ref idref="fl-2a"/>
      </object_component>
      <object_component id="oc-92">
         <name>.debug_line</name>
         <load_address>0xda6</load_address>
         <run_address>0xda6</run_address>
         <size>0x2a4</size>
         <input_file_ref idref="fl-2b"/>
      </object_component>
      <object_component id="oc-97">
         <name>.debug_line</name>
         <load_address>0x104a</load_address>
         <run_address>0x104a</run_address>
         <size>0x33f</size>
         <input_file_ref idref="fl-2c"/>
      </object_component>
      <object_component id="oc-9c">
         <name>.debug_line</name>
         <load_address>0x1389</load_address>
         <run_address>0x1389</run_address>
         <size>0x1a2</size>
         <input_file_ref idref="fl-2d"/>
      </object_component>
      <object_component id="oc-a2">
         <name>.debug_line</name>
         <load_address>0x152b</load_address>
         <run_address>0x152b</run_address>
         <size>0x329</size>
         <input_file_ref idref="fl-2e"/>
      </object_component>
      <object_component id="oc-a5">
         <name>.debug_line</name>
         <load_address>0x1854</load_address>
         <run_address>0x1854</run_address>
         <size>0x2a</size>
         <input_file_ref idref="fl-2f"/>
      </object_component>
      <object_component id="oc-ad">
         <name>.debug_line</name>
         <load_address>0x187e</load_address>
         <run_address>0x187e</run_address>
         <size>0x45</size>
         <input_file_ref idref="fl-30"/>
      </object_component>
      <object_component id="oc-b1">
         <name>.debug_line</name>
         <load_address>0x18c3</load_address>
         <run_address>0x18c3</run_address>
         <size>0x2d</size>
         <input_file_ref idref="fl-34"/>
      </object_component>
      <object_component id="oc-b6">
         <name>.debug_line</name>
         <load_address>0x18f0</load_address>
         <run_address>0x18f0</run_address>
         <size>0x4d</size>
         <input_file_ref idref="fl-35"/>
      </object_component>
      <object_component id="oc-bb">
         <name>.debug_line</name>
         <load_address>0x193d</load_address>
         <run_address>0x193d</run_address>
         <size>0x43</size>
         <input_file_ref idref="fl-36"/>
      </object_component>
      <object_component id="oc-c0">
         <name>.debug_line</name>
         <load_address>0x1980</load_address>
         <run_address>0x1980</run_address>
         <size>0x57</size>
         <input_file_ref idref="fl-37"/>
      </object_component>
      <object_component id="oc-c5">
         <name>.debug_line</name>
         <load_address>0x19d7</load_address>
         <run_address>0x19d7</run_address>
         <size>0x64</size>
         <input_file_ref idref="fl-38"/>
      </object_component>
      <object_component id="oc-ca">
         <name>.debug_line</name>
         <load_address>0x1a3b</load_address>
         <run_address>0x1a3b</run_address>
         <size>0x3d</size>
         <input_file_ref idref="fl-39"/>
      </object_component>
      <object_component id="oc-cf">
         <name>.debug_line</name>
         <load_address>0x1a78</load_address>
         <run_address>0x1a78</run_address>
         <size>0xba</size>
         <input_file_ref idref="fl-3a"/>
      </object_component>
      <object_component id="oc-d4">
         <name>.debug_line</name>
         <load_address>0x1b32</load_address>
         <run_address>0x1b32</run_address>
         <size>0x5e</size>
         <input_file_ref idref="fl-3b"/>
      </object_component>
      <object_component id="oc-d9">
         <name>.debug_line</name>
         <load_address>0x1b90</load_address>
         <run_address>0x1b90</run_address>
         <size>0x7c</size>
         <input_file_ref idref="fl-3c"/>
      </object_component>
      <object_component id="oc-de">
         <name>.debug_line</name>
         <load_address>0x1c0c</load_address>
         <run_address>0x1c0c</run_address>
         <size>0x55</size>
         <input_file_ref idref="fl-3d"/>
      </object_component>
      <object_component id="oc-e3">
         <name>.debug_line</name>
         <load_address>0x1c61</load_address>
         <run_address>0x1c61</run_address>
         <size>0x8d</size>
         <input_file_ref idref="fl-3e"/>
      </object_component>
      <object_component id="oc-e8">
         <name>.debug_line</name>
         <load_address>0x1cee</load_address>
         <run_address>0x1cee</run_address>
         <size>0x5a</size>
         <input_file_ref idref="fl-3f"/>
      </object_component>
      <object_component id="oc-ed">
         <name>.debug_line</name>
         <load_address>0x1d48</load_address>
         <run_address>0x1d48</run_address>
         <size>0x54</size>
         <input_file_ref idref="fl-40"/>
      </object_component>
      <object_component id="oc-f2">
         <name>.debug_line</name>
         <load_address>0x1d9c</load_address>
         <run_address>0x1d9c</run_address>
         <size>0x4d</size>
         <input_file_ref idref="fl-41"/>
      </object_component>
      <object_component id="oc-f7">
         <name>.debug_line</name>
         <load_address>0x1de9</load_address>
         <run_address>0x1de9</run_address>
         <size>0x3c</size>
         <input_file_ref idref="fl-50"/>
      </object_component>
      <object_component id="oc-fb">
         <name>.debug_line</name>
         <load_address>0x1e25</load_address>
         <run_address>0x1e25</run_address>
         <size>0x3e</size>
         <input_file_ref idref="fl-51"/>
      </object_component>
      <object_component id="oc-ff">
         <name>.debug_line</name>
         <load_address>0x1e63</load_address>
         <run_address>0x1e63</run_address>
         <size>0x70</size>
         <input_file_ref idref="fl-52"/>
      </object_component>
      <object_component id="oc-104">
         <name>.debug_line</name>
         <load_address>0x1ed3</load_address>
         <run_address>0x1ed3</run_address>
         <size>0x45</size>
         <input_file_ref idref="fl-58"/>
      </object_component>
      <object_component id="oc-109">
         <name>.debug_line</name>
         <load_address>0x1f18</load_address>
         <run_address>0x1f18</run_address>
         <size>0x48</size>
         <input_file_ref idref="fl-59"/>
      </object_component>
      <object_component id="oc-10e">
         <name>.debug_line</name>
         <load_address>0x1f60</load_address>
         <run_address>0x1f60</run_address>
         <size>0x2c</size>
         <input_file_ref idref="fl-5c"/>
      </object_component>
      <object_component id="oc-113">
         <name>.debug_line</name>
         <load_address>0x1f8c</load_address>
         <run_address>0x1f8c</run_address>
         <size>0x69</size>
         <input_file_ref idref="fl-5d"/>
      </object_component>
      <object_component id="oc-135">
         <name>.debug_line</name>
         <load_address>0x1ff5</load_address>
         <run_address>0x1ff5</run_address>
         <size>0x1594</size>
         <input_file_ref idref="fl-63"/>
      </object_component>
      <object_component id="oc-13a">
         <name>.debug_line</name>
         <load_address>0x3589</load_address>
         <run_address>0x3589</run_address>
         <size>0x37</size>
         <input_file_ref idref="fl-64"/>
      </object_component>
      <object_component id="oc-13f">
         <name>.debug_line</name>
         <load_address>0x35c0</load_address>
         <run_address>0x35c0</run_address>
         <size>0x36</size>
         <input_file_ref idref="fl-65"/>
      </object_component>
      <object_component id="oc-144">
         <name>.debug_line</name>
         <load_address>0x35f6</load_address>
         <run_address>0x35f6</run_address>
         <size>0x31</size>
         <input_file_ref idref="fl-66"/>
      </object_component>
      <object_component id="oc-7b">
         <name>.debug_abbrev</name>
         <load_address>0x0</load_address>
         <run_address>0x0</run_address>
         <size>0x1b2</size>
         <input_file_ref idref="fl-1f"/>
      </object_component>
      <object_component id="oc-82">
         <name>.debug_abbrev</name>
         <load_address>0x1b2</load_address>
         <run_address>0x1b2</run_address>
         <size>0x22c</size>
         <input_file_ref idref="fl-28"/>
      </object_component>
      <object_component id="oc-88">
         <name>.debug_abbrev</name>
         <load_address>0x3de</load_address>
         <run_address>0x3de</run_address>
         <size>0x2ac</size>
         <input_file_ref idref="fl-29"/>
      </object_component>
      <object_component id="oc-8d">
         <name>.debug_abbrev</name>
         <load_address>0x68a</load_address>
         <run_address>0x68a</run_address>
         <size>0xf0</size>
         <input_file_ref idref="fl-2a"/>
      </object_component>
      <object_component id="oc-93">
         <name>.debug_abbrev</name>
         <load_address>0x77a</load_address>
         <run_address>0x77a</run_address>
         <size>0x177</size>
         <input_file_ref idref="fl-2b"/>
      </object_component>
      <object_component id="oc-98">
         <name>.debug_abbrev</name>
         <load_address>0x8f1</load_address>
         <run_address>0x8f1</run_address>
         <size>0x2b0</size>
         <input_file_ref idref="fl-2c"/>
      </object_component>
      <object_component id="oc-9d">
         <name>.debug_abbrev</name>
         <load_address>0xba1</load_address>
         <run_address>0xba1</run_address>
         <size>0x131</size>
         <input_file_ref idref="fl-2d"/>
      </object_component>
      <object_component id="oc-a3">
         <name>.debug_abbrev</name>
         <load_address>0xcd2</load_address>
         <run_address>0xcd2</run_address>
         <size>0x255</size>
         <input_file_ref idref="fl-2e"/>
      </object_component>
      <object_component id="oc-a6">
         <name>.debug_abbrev</name>
         <load_address>0xf27</load_address>
         <run_address>0xf27</run_address>
         <size>0x37</size>
         <input_file_ref idref="fl-2f"/>
      </object_component>
      <object_component id="oc-ae">
         <name>.debug_abbrev</name>
         <load_address>0xf5e</load_address>
         <run_address>0xf5e</run_address>
         <size>0x118</size>
         <input_file_ref idref="fl-30"/>
      </object_component>
      <object_component id="oc-b2">
         <name>.debug_abbrev</name>
         <load_address>0x1076</load_address>
         <run_address>0x1076</run_address>
         <size>0x31</size>
         <input_file_ref idref="fl-34"/>
      </object_component>
      <object_component id="oc-b7">
         <name>.debug_abbrev</name>
         <load_address>0x10a7</load_address>
         <run_address>0x10a7</run_address>
         <size>0x45</size>
         <input_file_ref idref="fl-35"/>
      </object_component>
      <object_component id="oc-bc">
         <name>.debug_abbrev</name>
         <load_address>0x10ec</load_address>
         <run_address>0x10ec</run_address>
         <size>0x37</size>
         <input_file_ref idref="fl-36"/>
      </object_component>
      <object_component id="oc-c1">
         <name>.debug_abbrev</name>
         <load_address>0x1123</load_address>
         <run_address>0x1123</run_address>
         <size>0x45</size>
         <input_file_ref idref="fl-37"/>
      </object_component>
      <object_component id="oc-c6">
         <name>.debug_abbrev</name>
         <load_address>0x1168</load_address>
         <run_address>0x1168</run_address>
         <size>0x37</size>
         <input_file_ref idref="fl-38"/>
      </object_component>
      <object_component id="oc-cb">
         <name>.debug_abbrev</name>
         <load_address>0x119f</load_address>
         <run_address>0x119f</run_address>
         <size>0xfe</size>
         <input_file_ref idref="fl-39"/>
      </object_component>
      <object_component id="oc-d0">
         <name>.debug_abbrev</name>
         <load_address>0x129d</load_address>
         <run_address>0x129d</run_address>
         <size>0x37</size>
         <input_file_ref idref="fl-3a"/>
      </object_component>
      <object_component id="oc-d5">
         <name>.debug_abbrev</name>
         <load_address>0x12d4</load_address>
         <run_address>0x12d4</run_address>
         <size>0x37</size>
         <input_file_ref idref="fl-3b"/>
      </object_component>
      <object_component id="oc-da">
         <name>.debug_abbrev</name>
         <load_address>0x130b</load_address>
         <run_address>0x130b</run_address>
         <size>0x37</size>
         <input_file_ref idref="fl-3c"/>
      </object_component>
      <object_component id="oc-df">
         <name>.debug_abbrev</name>
         <load_address>0x1342</load_address>
         <run_address>0x1342</run_address>
         <size>0x37</size>
         <input_file_ref idref="fl-3d"/>
      </object_component>
      <object_component id="oc-e4">
         <name>.debug_abbrev</name>
         <load_address>0x1379</load_address>
         <run_address>0x1379</run_address>
         <size>0x37</size>
         <input_file_ref idref="fl-3e"/>
      </object_component>
      <object_component id="oc-e9">
         <name>.debug_abbrev</name>
         <load_address>0x13b0</load_address>
         <run_address>0x13b0</run_address>
         <size>0x37</size>
         <input_file_ref idref="fl-3f"/>
      </object_component>
      <object_component id="oc-ee">
         <name>.debug_abbrev</name>
         <load_address>0x13e7</load_address>
         <run_address>0x13e7</run_address>
         <size>0x37</size>
         <input_file_ref idref="fl-40"/>
      </object_component>
      <object_component id="oc-f3">
         <name>.debug_abbrev</name>
         <load_address>0x141e</load_address>
         <run_address>0x141e</run_address>
         <size>0x37</size>
         <input_file_ref idref="fl-41"/>
      </object_component>
[...]
         <object_component_ref idref="oc-cd"/>
      </symbol>
      <symbol id="sm-586">
         <name>__fs_cmp</name>
         <value>0x9f9e</value>
         <object_component_ref idref="oc-d2"/>
      </symbol>
      <symbol id="sm-59c">
         <name>__fs_div</name>
         <value>0x968c</value>
         <object_component_ref idref="oc-d7"/>
      </symbol>
      <symbol id="sm-5ad">
         <name>__fs_itof</name>
         <value>0xa26a</value>
         <object_component_ref idref="oc-dc"/>
      </symbol>
      <symbol id="sm-5c8">
         <name>__fs_mpy</name>
         <value>0x92b0</value>
         <object_component_ref idref="oc-e1"/>
      </symbol>
      <symbol id="sm-5db">
         <name>__fs_tou</name>
         <value>0xa030</value>
         <object_component_ref idref="oc-e6"/>
      </symbol>
      <symbol id="sm-5eb">
         <name>__fs_ultof</name>
         <value>0xa3a2</value>
         <object_component_ref idref="oc-eb"/>
      </symbol>
      <symbol id="sm-5fa">
         <name>__fs_utof</name>
         <value>0xa51a</value>
         <object_component_ref idref="oc-f0"/>
      </symbol>
      <symbol id="sm-5fe">
         <name>__TI_int45</name>
         <value>0xffda</value>
         <object_component_ref idref="oc-64"/>
      </symbol>
      <symbol id="sm-602">
         <name>__TI_int46</name>
         <value>0xffdc</value>
         <object_component_ref idref="oc-65"/>
      </symbol>
      <symbol id="sm-606">
         <name>__TI_int47</name>
         <value>0xffde</value>
         <object_component_ref idref="oc-66"/>
      </symbol>
      <symbol id="sm-60a">
         <name>__TI_int49</name>
         <value>0xffe2</value>
         <object_component_ref idref="oc-68"/>
      </symbol>
      <symbol id="sm-60e">
         <name>__TI_int50</name>
         <value>0xffe4</value>
         <object_component_ref idref="oc-6a"/>
      </symbol>
      <symbol id="sm-612">
         <name>__TI_int51</name>
         <value>0xffe6</value>
         <object_component_ref idref="oc-6b"/>
      </symbol>
      <symbol id="sm-616">
         <name>__TI_int52</name>
         <value>0xffe8</value>
         <object_component_ref idref="oc-6c"/>
      </symbol>
      <symbol id="sm-61a">
         <name>__TI_int53</name>
         <value>0xffea</value>
         <object_component_ref idref="oc-6d"/>
      </symbol>
      <symbol id="sm-61e">
         <name>__TI_int57</name>
         <value>0xfff2</value>
         <object_component_ref idref="oc-71"/>
      </symbol>
      <symbol id="sm-622">
         <name>__TI_int58</name>
         <value>0xfff4</value>
         <object_component_ref idref="oc-72"/>
      </symbol>
      <symbol id="sm-626">
         <name>__TI_int59</name>
         <value>0xfff6</value>
         <object_component_ref idref="oc-73"/>
      </symbol>
      <symbol id="sm-62a">
         <name>__TI_int60</name>
         <value>0xfff8</value>
         <object_component_ref idref="oc-74"/>
      </symbol>
      <symbol id="sm-62e">
         <name>__TI_int61</name>
         <value>0xfffa</value>
         <object_component_ref idref="oc-75"/>
      </symbol>
      <symbol id="sm-632">
         <name>__TI_int62</name>
         <value>0xfffc</value>
         <object_component_ref idref="oc-76"/>
      </symbol>
      <symbol id="sm-63e">
         <name>__TI_ISR_TRAP</name>
         <value>0xa68a</value>
         <object_component_ref idref="oc-f5"/>
      </symbol>
      <symbol id="sm-64c">
         <name>L_LSL</name>
         <value>0xa634</value>
         <object_component_ref idref="oc-16d"/>
      </symbol>
      <symbol id="sm-65c">
         <name>L_LSR_12</name>
         <value>0xa186</value>
         <object_component_ref idref="oc-198"/>
      </symbol>
      <symbol id="sm-65d">
         <name>L_LSR_13</name>
         <value>0xa182</value>
         <object_component_ref idref="oc-198"/>
      </symbol>
      <symbol id="sm-65e">
         <name>L_LSR_10</name>
         <value>0xa18e</value>
         <object_component_ref idref="oc-198"/>
      </symbol>
      <symbol id="sm-65f">
         <name>L_LSR_11</name>
         <value>0xa18a</value>
         <object_component_ref idref="oc-198"/>
      </symbol>
      <symbol id="sm-660">
         <name>L_LSR_14</name>
         <value>0xa17e</value>
         <object_component_ref idref="oc-198"/>
      </symbol>
      <symbol id="sm-661">
         <name>L_LSR_15</name>
         <value>0xa17a</value>
         <object_component_ref idref="oc-198"/>
      </symbol>
      <symbol id="sm-662">
         <name>L_LSR</name>
         <value>0xa644</value>
         <object_component_ref idref="oc-16e"/>
      </symbol>
      <symbol id="sm-663">
         <name>L_LSR_3</name>
         <value>0xa1aa</value>
         <object_component_ref idref="oc-198"/>
      </symbol>
      <symbol id="sm-664">
         <name>L_LSR_2</name>
         <value>0xa1ae</value>
         <object_component_ref idref="oc-198"/>
      </symbol>
      <symbol id="sm-665">
         <name>L_LSR_1</name>
         <value>0xa1b2</value>
         <object_component_ref idref="oc-198"/>
      </symbol>
      <symbol id="sm-666">
         <name>L_LSR_7</name>
         <value>0xa19a</value>
         <object_component_ref idref="oc-198"/>
      </symbol>
      <symbol id="sm-667">
         <name>L_LSR_6</name>
         <value>0xa19e</value>
         <object_component_ref idref="oc-198"/>
      </symbol>
      <symbol id="sm-668">
         <name>L_LSR_5</name>
         <value>0xa1a2</value>
         <object_component_ref idref="oc-198"/>
      </symbol>
      <symbol id="sm-669">
         <name>L_LSR_4</name>
         <value>0xa1a6</value>
         <object_component_ref idref="oc-198"/>
      </symbol>
      <symbol id="sm-66a">
         <name>L_LSR_9</name>
         <value>0xa192</value>
         <object_component_ref idref="oc-198"/>
      </symbol>
      <symbol id="sm-66b">
         <name>L_LSR_8</name>
         <value>0xa196</value>
         <object_component_ref idref="oc-198"/>
      </symbol>
      <symbol id="sm-677">
         <name>__mpyi_f5hw</name>
         <value>0xa5f8</value>
         <object_component_ref idref="oc-102"/>
      </symbol>
      <symbol id="sm-683">
         <name>__mpyl_f5hw</name>
         <value>0xa53e</value>
         <object_component_ref idref="oc-107"/>
      </symbol>
      <symbol id="sm-68d">
         <name>__TI_args_main</name>
         <value>0x1</value>
      </symbol>
      <symbol id="sm-69f">
         <name>__TI_auto_init</name>
         <value>0x1</value>
      </symbol>
      <symbol id="sm-6a0">
         <name>_auto_init_hold_wdt</name>
         <value>0x9ca0</value>
         <object_component_ref idref="oc-14a"/>
      </symbol>
      <symbol id="sm-876">
         <name>stop_buzzer</name>
         <value>0xa4aa</value>
         <object_component_ref idref="oc-174"/>
      </symbol>
      <symbol id="sm-877">
         <name>request</name>
         <value>0x1dc2</value>
         <object_component_ref idref="oc-11c"/>
      </symbol>
      <symbol id="sm-878">
         <name>SetVCore</name>
         <value>0x97a6</value>
         <object_component_ref idref="oc-170"/>
      </symbol>
      <symbol id="sm-879">
         <name>test_mode</name>
         <value>0x8284</value>
         <object_component_ref idref="oc-15d"/>
      </symbol>
      <symbol id="sm-87a">
         <name>segments_lcdmem</name>
         <value>0x1c8e</value>
         <object_component_ref idref="oc-118"/>
      </symbol>
      <symbol id="sm-87b">
         <name>sAccel</name>
         <value>0x1df6</value>
         <object_component_ref idref="oc-12c"/>
      </symbol>
      <symbol id="sm-87c">
         <name>is_stopwatch</name>
         <value>0xa60e</value>
         <object_component_ref idref="oc-158"/>
      </symbol>
      <symbol id="sm-87d">
         <name>update_stopwatch_timer</name>
         <value>0xa1f4</value>
         <object_component_ref idref="oc-163"/>
      </symbol>
      <symbol id="sm-87e">
         <name>menu_L1_Acceleration</name>
         <value>0xaa62</value>
         <object_component_ref idref="oc-11a"/>
      </symbol>
      <symbol id="sm-87f">
         <name>display_stopwatch</name>
         <value>0x8b12</value>
         <object_component_ref idref="oc-155"/>
      </symbol>
      <symbol id="sm-880">
         <name>dummy</name>
         <value>0xa69e</value>
         <object_component_ref idref="oc-150"/>
      </symbol>
      <symbol id="sm-881">
         <name>int_to_array_str</name>
         <value>0x1ce2</value>
         <object_component_ref idref="oc-118"/>
      </symbol>
      <symbol id="sm-882">
         <name>bmp_as_read_register</name>
         <value>0x9b20</value>
         <object_component_ref idref="oc-173"/>
      </symbol>
      <symbol id="sm-883">
         <name>ptrMenu_L1</name>
         <value>0x1e6a</value>
         <object_component_ref idref="oc-11b"/>
      </symbol>
      <symbol id="sm-884">
         <name>ptrMenu_L2</name>
         <value>0x1e6c</value>
         <object_component_ref idref="oc-11b"/>
      </symbol>
      <symbol id="sm-885">
         <name>fptr_lcd_function_line2</name>
         <value>0x1dce</value>
         <object_component_ref idref="oc-11c"/>
      </symbol>
      <symbol id="sm-886">
         <name>fptr_lcd_function_line1</name>
         <value>0x1dca</value>
         <object_component_ref idref="oc-11c"/>
      </symbol>
      <symbol id="sm-887">
         <name>memcpy</name>
         <value>0xa622</value>
         <object_component_ref idref="oc-15a"/>
      </symbol>
      <symbol id="sm-888">
         <name>update_acceleration</name>
         <value>0xa660</value>
         <object_component_ref idref="oc-152"/>
      </symbol>
      <symbol id="sm-889">
         <name>rf_frequoffset</name>
         <value>0x1dc8</value>
         <object_component_ref idref="oc-11c"/>
      </symbol>
      <symbol id="sm-88a">
         <name>Strobe</name>
         <value>0x9416</value>
         <object_component_ref idref="oc-18a"/>
      </symbol>
      <symbol id="sm-88b">
         <name>TIMER0_A1_5_ISR</name>
         <value>0x993a</value>
         <object_component_ref idref="oc-14d"/>
      </symbol>
      <symbol id="sm-88c">
         <name>__TI_int48</name>
         <value>0xffe0</value>
         <object_component_ref idref="oc-67"/>
      </symbol>
      <symbol id="sm-88d">
         <name>adc12_data_ready</name>
         <value>0x1e70</value>
         <object_component_ref idref="oc-12e"/>
      </symbol>
      <symbol id="sm-88e">
         <name>_nop</name>
         <value>0xa69c</value>
         <object_component_ref idref="oc-148"/>
      </symbol>
      <symbol id="sm-88f">
         <name>bmp_used</name>
         <value>0x1dc6</value>
         <object_component_ref idref="oc-11c"/>
      </symbol>
      <symbol id="sm-890">
         <name>__TI_int56</name>
         <value>0xfff0</value>
         <object_component_ref idref="oc-70"/>
      </symbol>
      <symbol id="sm-891">
         <name>__TI_int54</name>
         <value>0xffec</value>
         <object_component_ref idref="oc-6e"/>
      </symbol>
      <symbol id="sm-892">
         <name>__TI_int55</name>
         <value>0xffee</value>
         <object_component_ref idref="oc-6f"/>
      </symbol>
      <symbol id="sm-893">
         <name>fptr_Timer0_A3_function</name>
         <value>0x1e52</value>
         <object_component_ref idref="oc-130"/>
      </symbol>
      <symbol id="sm-894">
         <name>int_to_array</name>
         <value>0x9558</value>
         <object_component_ref idref="oc-16b"/>
      </symbol>
      <symbol id="sm-895">
         <name>bmp_cal_param</name>
         <value>0x1da6</value>
         <object_component_ref idref="oc-12f"/>
      </symbol>
      <symbol id="sm-896">
         <name>WriteSingleReg</name>
         <value>0xa230</value>
         <object_component_ref idref="oc-18b"/>
      </symbol>
      <symbol id="sm-897">
         <name>lcd_font</name>
         <value>0xaa0c</value>
         <object_component_ref idref="oc-17d"/>
      </symbol>
      <symbol id="sm-898">
         <name>bmp_mgrav_per_bit</name>
         <value>0xaa86</value>
         <object_component_ref idref="oc-169"/>
      </symbol>
      <symbol id="sm-899">
         <name>bmp_as_stop</name>
         <value>0xa370</value>
         <object_component_ref idref="oc-166"/>
      </symbol>
      <symbol id="sm-89a">
         <name>sInit_done</name>
         <value>0x1e1d</value>
         <object_component_ref idref="oc-123"/>
      </symbol>
      <symbol id="sm-89b">
         <name>stop_stopwatch</name>
         <value>0xa5b2</value>
         <object_component_ref idref="oc-159"/>
      </symbol>
      <symbol id="sm-89c">
         <name>bmp_as_get_data</name>
         <value>0x9f52</value>
         <object_component_ref idref="oc-15f"/>
      </symbol>
      <symbol id="sm-89d">
         <name>display_update</name>
         <value>0x8f50</value>
         <object_component_ref idref="oc-162"/>
      </symbol>
      <symbol id="sm-89e">
         <name>init_application</name>
         <value>0x8748</value>
         <object_component_ref idref="oc-15b"/>
      </symbol>
      <symbol id="sm-89f">
         <name>display_char</name>
         <value>0x9a3c</value>
         <object_component_ref idref="oc-16f"/>
      </symbol>
      <symbol id="sm-8a0">
         <name>cma_mgrav_per_bit</name>
         <value>0xaa94</value>
         <object_component_ref idref="oc-16a"/>
      </symbol>
      <symbol id="sm-8a1">
         <name>main</name>
         <value>0x94ba</value>
         <object_component_ref idref="oc-14b"/>
      </symbol>
      <symbol id="sm-8a2">
         <name>sTimer</name>
         <value>0x1e56</value>
         <object_component_ref idref="oc-130"/>
      </symbol>
      <symbol id="sm-8a3">
         <name>update_stopwatch</name>
         <value>0xa66c</value>
         <object_component_ref idref="oc-156"/>
      </symbol>
      <symbol id="sm-8a4">
         <name>_lock</name>
         <value>0x1e42</value>
         <object_component_ref idref="oc-132"/>
      </symbol>
      <symbol id="sm-8a5">
         <name>as_stop</name>
         <value>0xa370</value>
         <object_component_ref idref="oc-166"/>
      </symbol>
      <symbol id="sm-8a6">
         <name>button</name>
         <value>0x1e28</value>
         <object_component_ref idref="oc-119"/>
      </symbol>
      <symbol id="sm-8a7">
         <name>message</name>
         <value>0x1dc4</value>
         <object_component_ref idref="oc-11c"/>
      </symbol>
      <symbol id="sm-8a8">
         <name>sButton</name>
         <value>0x1e2a</value>
         <object_component_ref idref="oc-119"/>
      </symbol>
      <symbol id="sm-8a9">
         <name>sStopwatch</name>
         <value>0x1dd2</value>
         <object_component_ref idref="oc-12d"/>
      </symbol>
      <symbol id="sm-8aa">
         <name>sBuzzer</name>
         <value>0x1e3a</value>
         <object_component_ref idref="oc-131"/>
      </symbol>
      <symbol id="sm-8ab">
         <name>display_chars</name>
         <value>0x912c</value>
         <object_component_ref idref="oc-167"/>
      </symbol>
      <symbol id="sm-8ac">
         <name>_unlock</name>
         <value>0x1e46</value>
         <object_component_ref idref="oc-132"/>
      </symbol>
      <symbol id="sm-8ad">
         <name>Timer0_A4_Delay</name>
         <value>0x9b84</value>
         <object_component_ref idref="oc-157"/>
      </symbol>
      <symbol id="sm-8ae">
         <name>bmp_param_b5</name>
         <value>0x1dbc</value>
         <object_component_ref idref="oc-12f"/>
      </symbol>
      <symbol id="sm-8af">
         <name>toggle_buzzer</name>
         <value>0x9cfc</value>
         <object_component_ref idref="oc-160"/>
      </symbol>
      <symbol id="sm-8b0">
         <name>sys</name>
         <value>0x1dc0</value>
         <object_component_ref idref="oc-11c"/>
      </symbol>
      <symbol id="sm-8b1">
         <name>clear_line</name>
         <value>0x9db0</value>
         <object_component_ref idref="oc-172"/>
      </symbol>
      <symbol id="sm-8b2">
         <name>display</name>
         <value>0x1c8c</value>
         <object_component_ref idref="oc-118"/>
      </symbol>
      <symbol id="sm-8b3">
         <name>segments_bitmask</name>
         <value>0xaa38</value>
         <object_component_ref idref="oc-179"/>
      </symbol>
      <symbol id="sm-8b4">
         <name>mx_stopwatch</name>
         <value>0xa482</value>
         <object_component_ref idref="oc-154"/>
      </symbol>
      <symbol id="sm-8b5">
         <name>PORT2_ISR</name>
         <value>0x85e4</value>
         <object_component_ref idref="oc-147"/>
      </symbol>
      <symbol id="sm-8b6">
         <name>sx_stopwatch</name>
         <value>0xa30a</value>
         <object_component_ref idref="oc-153"/>
      </symbol>
      <symbol id="sm-8b7">
         <name>display_acceleration</name>
         <value>0x889e</value>
         <object_component_ref idref="oc-151"/>
      </symbol>
      <symbol id="sm-8b8">
         <name>bmp_as_start</name>
         <value>0x95f4</value>
         <object_component_ref idref="oc-16c"/>
      </symbol>
      <symbol id="sm-8b9">
         <name>ADC12ISR</name>
         <value>0xa598</value>
         <object_component_ref idref="oc-14f"/>
      </symbol>
      <symbol id="sm-8ba">
         <name>wakeup_event</name>
         <value>0x8c2e</value>
         <object_component_ref idref="oc-15e"/>
      </symbol>
      <symbol id="sm-8bb">
         <name>init_global_variables</name>
         <value>0x9366</value>
         <object_component_ref idref="oc-15c"/>
      </symbol>
      <symbol id="sm-8bc">
         <name>menu_L2_Stopwatch</name>
         <value>0xaa74</value>
         <object_component_ref idref="oc-11a"/>
      </symbol>
      <symbol id="sm-8bd">
         <name>adc12_result</name>
         <value>0x1e6e</value>
         <object_component_ref idref="oc-12e"/>
      </symbol>
      <symbol id="sm-8be">
         <name>method</name>
         <value>0xa8bf</value>
         <object_component_ref idref="oc-129"/>
      </symbol>
      <symbol id="sm-8bf">
         <name>stopwatch_tick</name>
         <value>0x8e50</value>
         <object_component_ref idref="oc-164"/>
      </symbol>
      <symbol id="sm-8c0">
         <name>int_to_array_conversion_table</name>
         <value>0xa6a0</value>
         <object_component_ref idref="oc-17b"/>
      </symbol>
      <symbol id="sm-8c1">
         <name>bmp_as_write_register</name>
         <value>0x9be6</value>
         <object_component_ref idref="oc-17c"/>
      </symbol>
      <symbol id="sm-8c2">
         <name>Timer0_A3_Start</name>
         <value>0xa3d4</value>
         <object_component_ref idref="oc-161"/>
      </symbol>
      <symbol id="sm-8c3">
         <name>bmp_ps_init</name>
         <value>0x9046</value>
         <object_component_ref idref="oc-171"/>
      </symbol>
      <symbol id="sm-8c4">
         <name>as_ok</name>
         <value>0x1d2f</value>
         <object_component_ref idref="oc-12b"/>
      </symbol>
      <symbol id="sm-8c5">
         <name>chronos_black</name>
         <value>0x1dc7</value>
         <object_component_ref idref="oc-11c"/>
      </symbol>
      <symbol id="sm-8c6">
         <name>_system_pre_init</name>
         <value>0xa690</value>
         <object_component_ref idref="oc-149"/>
      </symbol>
      <symbol id="sm-8c7">
         <name>write_lcd_mem</name>
         <value>0xa2a0</value>
         <object_component_ref idref="oc-17a"/>
      </symbol>
      <symbol id="sm-8c8">
         <name>TIMER0_A0_ISR</name>
         <value>0x847e</value>
         <object_component_ref idref="oc-14e"/>
      </symbol>
      <symbol id="sm-8c9">
         <name>display_symbol</name>
         <value>0xa5cc</value>
         <object_component_ref idref="oc-168"/>
      </symbol>
   </symbol_table>
   <title>Link successful</title>
</link_info>
